parameters:
    foo: bar

services:
    baz:
        class: %foo%
