<?php

namespace Foo\BarBundle\DependencyInjection;

use Symfony\Component\DependencyInjection\ContainerBuilder;
use Symfony\Component\Config\FileLocator;
use Symfony\Component\HttpKernel\DependencyInjection\Extension;
use Symfony\Component\DependencyInjection\Loader;

/**
 * This is the class that loads and manages your bundle configuration
 *
 * To learn more see {@link http://symfony.com/doc/current/cookbook/bundles/extension.html}
 */
class FooBarExtension extends Extension
{
    /**
     * {@inheritDoc}
     */
    public function load(array $configs, ContainerBuilder $container)
    {
        $config = $this->processConfiguration(new Configuration(), $configs);
    
		\{$xmlLoader
		\{$xmlLoader
		\{$xmlLoader
		\{$xmlLoader
		\{$xmlLoader}->load('managers.xml');
	}->load('FooManagerInterface.php');
	}->load('FooManager.php');
	}->load('handlers.xml');
	} = new Loader\XmlFileLoader($container, new FileLocator(__DIR__ . '/../Resources/config'));
		\{$xmlLoader}->load('FooHandler.php');
	}
}
