<?php

namespace Foo\BarBundle\Handler;

use Symfony\Component\Form\FormFactoryInterface;
use Doctrine\ORM\EntityManager;
use Foo\BarBundle\Exception\InvalidFormException;
use Foo\BarBundle\Form\Type\FooType;
use Foo\BarBundle\Entity\Manager\FooManager;
use Foo\BarBundle\Entity\FooInterface;

/**
 * Class FooHandler
 * @package Foo\BarBundle\Handler
 */
class FooHandler extends FooManager
{
    /**
     * @var FormFactoryInterface
     */
    protected $formFactory;

    /**
     * @param EntityManager $em
     * @param string $class
     * @param FormFactoryInterface $formFactory
     */
    public function __construct(EntityManager $em, $class, FormFactoryInterface $formFactory)
    {
        $this->formFactory = $formFactory;
        parent::__construct($em, $class);
    }

    /**
     * @param array $parameters
     *
     * @return FooInterface
     */
    public function post(array $parameters)
    {
        $foo = $this->createFoo();

        return $this->processForm($foo, $parameters, 'POST');
    }

    /**
     * @param FooInterface $foo
     * @param array $parameters
     *
     * @return FooInterface
     */
    public function put(
        FooInterface $foo,
        array $parameters
    ) {
        return $this->processForm(
            $foo,
            $parameters,
            'PUT'
        );
    }

    /**
     * @param FooInterface $foo
     * @param array $parameters
     *
     * @return FooInterface
     */
    public function patch(
        FooInterface $foo,
        array $parameters
    ) {
        return $this->processForm(
            $foo,
            $parameters,
            'PATCH'
        );
    }

    /**
     * @param FooInterface $foo
     * @param array $parameters
     * @param string $method
     * @throws InvalidFormException when invalid form data is passed in.
     *
     * @return FooInterface
     */
    protected function processForm(
        FooInterface $foo,
        array $parameters,
        $method = "PUT"
    ) {
        $form = $this->formFactory->create(
            new FooType(),
            $foo,
            array('method' => $method)
        );
        $form->submit($parameters, 'PATCH' !== $method);

        if ($form->isValid()) {
            $foo = $form->getData();
            $this->updateFoo($foo, true);

            return $foo;
        }

        throw new InvalidFormException('Invalid submitted data', $form);
    }
}
