<?php

namespace Foo\BarBundle\Entity\Manager;

use Doctrine\ORM\EntityManager;
use Doctrine\ORM\EntityRepository;
use Doctrine\Common\Collections\ArrayCollection;
use Foo\BarBundle\Entity\FooInterface;

/**
 * Class FooManager
 * @package Foo\BarBundle\Entity\Manager
 */
class FooManager implements FooManagerInterface
{
    /**
     * @var EntityManager
     */
    protected $em;

    /**
     * @var EntityRepository
     */
    protected $repository;

    /**
     * @var string
     */
    protected $class;

    /**
     * @param EntityManager $em
     * @param string $class
     */
    public function __construct(EntityManager $em, $class)
    {
        $this->em         = $em;
        $this->class      = $class;
        $this->repository = $em->getRepository($class);
    }

    /**
     * @param array $criteria
     * @param array $orderBy
     *
     * @return FooInterface
     */
    public function findFooBy(
        array $criteria,
        array $orderBy = null
    ) {
        return $this->repository->findOneBy($criteria, $orderBy);
    }

    /**
     * @param array $criteria
     * @param array $orderBy
     * @param integer $limit
     * @param integer $offset
     *
     * @return ArrayCollection|FooInterface[]
     */
    public function findFoosBy(
        array $criteria,
        array $orderBy = null,
        $limit = null,
        $offset = null
    ) {
        return $this->repository->findBy($criteria, $orderBy, $limit, $offset);
    }

    /**
     * @param FooInterface $foo
     * @param bool $andFlush
     */
    public function updateFoo(
        FooInterface $foo,
        $andFlush = true
    ) {
        $this->em->persist($foo);
        if ($andFlush) {
            $this->em->flush();
        }
    }

    /**
     * @param FooInterface $foo
     */
    public function deleteFoo(
        FooInterface $foo
    ) {
        $this->em->remove($foo);
        $this->em->flush();
    }

    /**
     * @return string
     */
    public function getClass()
    {
        return $this->class;
    }

    /**
     * @return FooInterface
     */
    public function createFoo()
    {
        $class = $this->getClass();
        return new $class();
    }
}
